---
source: tests/snapshots.rs
expression: screen
---
 Vix  File  Edit  View  Go  Run  AI  DB  JJ  Git  Org  Project  Tools  Help                      
  Explorer ─────────────────╮  untitled                           ╭  Messages ───────────────────
 src                        │──────────────────────────────────────│ Welcome to Vix. Press Ctrl P
 Cargo.toml                 │    1                                ●│ Ctrl B toggles the file explo
 README.md  M               │                                     ││
                             │                                     ││
                             │                                     ││
                             │                                     ││
                  ╭  Changes — vix-test ────────────────────────────────────────╮
                  │  [ ] M README.md                                             │
                  │                                                              │
                  │↑↓ select   Space stage/unstage   c commit   r refresh   Esc c│
                  ╰──────────────────────────────────────────────────────────────╯
                             │                                     ││
                             │                                     ││
                             │                                     ││
                             │                                     ││
                             │                                     ││
                             │                                     ││●──────────────────────────────
  Output ──────────────────────────────────────────────────────────────────────────────────────────
(no output yet)







────────────────────────────────────────────────────────────────────────────────────────────────────
 untitled  —  Ready                                  vix-test •   text  LF  UTF-8   Ln 1:Col 1   
