---
source: tests/snapshots.rs
expression: screen
---
 Vix  File  Edit  View  Go  Run  AI  DB  JJ  Git  Org  Project  Tools  Help                      
  Explorer ─────────────────╮  untitled                           ╭  Messages ───────────────────
 src                        │──────────────────────────────────────│ Welcome to Vix. Press Ctrl P
 Cargo.toml                 │    1                                ●│ Ctrl B toggles the file explo
 README.md                  │                                     ││
                    ╭ Keyboard Shortcuts  (Esc to close) ──────────────────────╮
                    │ █                                                       │
                    │ Action                              Shortcut             │
                    │ Menu bar                            F10 / Alt V,F,E,I,T,H│
                    │ This help                           F1                   │
                    │ Click to place cursor, drag to se…  Mouse                │
                    │ Quit                                Ctrl Q               │
                    │ New                                 Ctrl N               │
                    │ Open…                               Ctrl O               │
                    │ Open Recent…                        Ctrl Shift O         │
                    │ Save                                Ctrl S               │
                    │ Save As…                            Ctrl Shift S         │
                    │ Close                               Ctrl W               │
                    │ Close All Tabs                      Ctrl Shift W         │────────────────────
  Output ──────────│ Reopen Closed Tab                   Ctrl Shift T         │────────────────────
(no output yet)     │ Undo                                Ctrl Z               │
                    │ Redo                                Ctrl Shift Z         │
                    │ Cut                                 Ctrl X               │
                    │ Copy                                Ctrl C               │
                    │type filter   click a header to sort   ↑↓ scroll   Esc clo│
                    ╰──────────────────────────────────────────────────────────╯


────────────────────────────────────────────────────────────────────────────────────────────────────
 untitled  —  Ready                                                text  LF  UTF-8   Ln 1:Col 1   
